// Jest Snapshot v1, https://goo.gl/fbAQLP

exports[`search form renders correctly 1`] = `
<form
  onSubmit={[Function]}
>
  <div
    className="form-row align-items-end"
  >
    <div
      className="col-auto"
    >
      <label
        htmlFor="firstName"
      >
        First name
      </label>
      <input
        className="form-control"
        id="firstName"
        onChange={[Function]}
        placeholder="Jane"
        type="text"
      />
    </div>
    <div
      className="col-auto"
    >
      <label
        htmlFor="lastName"
      >
        Last name
      </label>
      <input
        className="form-control"
        id="lastName"
        onChange={[Function]}
        placeholder="Doe"
        type="text"
      />
    </div>
    <div
      className="col-auto"
    >
      <label
        htmlFor="identifier"
      >
        Identifier
      </label>
      <input
        className="form-control"
        id="identifier"
        onChange={[Function]}
        placeholder="kasdf8903342"
        type="text"
      />
    </div>
    <div
      className="col-auto"
    >
      <label
        htmlFor="sex"
      >
        Sex
      </label>
      <select
        className="form-control"
        id="sex"
        onChange={[Function]}
      >
        <option
          value="female"
        >
          Female
        </option>
        <option
          value="male"
        >
          male
        </option>
      </select>
    </div>
    <div
      className="col-auto"
    >
      <button
        className="form-control btn btn-primary"
        type="submit"
      >
        Search
      </button>
    </div>
  </div>
</form>
`;
