// Jest Snapshot v1, https://goo.gl/fbAQLP

exports[`search form renders correctly 1`] = `
<form
  onSubmit={[Function]}
>
  <input
    onChange={[Function]}
  />
  <input
    onChange={[Function]}
  />
  <input
    onChange={[Function]}
  />
  <select
    onChange={[Function]}
  >
    <option
      value="female"
    >
      Female
    </option>
    <option
      value="male"
    >
      male
    </option>
  </select>
  <button
    type="submit"
  >
    Search
  </button>
</form>
`;
